// Jest Snapshot v1, https://goo.gl/fbAQLP

exports[`Aggregator should render a Aggregator without optional props 1`] = `<div />`;
